// Jest Snapshot v1, https://goo.gl/fbAQLP

exports[`renders list correctly when data is available 1`] = `[Function]`;
